READY 131072 stop
T 5176
T 264
T 9167
T 1845
T 4876
T 198
T 285
T 1716
T 30883
T 41282
T 363
T 606
T 40834
T 11
T 328
T 40122
DONE 16 4096 105946.567 403.693 length 0 0 0
T 5176
T 264
T 9167
T 1845
T 4876
T 198
T 285
T 1716
T 30883
T 41282
T 363
T 606
T 40834
T 11
T 328
T 40122
DONE 16 4096 104115.991 394.663 length 0 0 0
T 5176
T 264
T 9167
T 1845
T 4876
T 198
T 285
T 1716
T 30883
T 41282
T 363
T 606
T 40834
T 11
T 328
T 40122
DONE 16 4096 104040.520 395.796 length 0 0 0
T 5176
T 264
T 9167
T 1845
T 4876
T 198
T 285
T 1716
T 30883
T 41282
T 363
T 606
T 40834
T 11
T 328
T 40122
DONE 16 4096 102412.944 386.155 length 0 0 0
