READY 131072 stop
T 2531
T 8
T 313
T 198
T 285
T 1407
T 476
T 988
T 35577
T 7797
T 476
T 21670
T 29
T 5128
T 87115
T 1174
T 198
T 285
T 14836
T 2470
T 3764
T 5029
T 476
T 3288
T 27409
T 5722
T 198
T 285
T 5354
T 23903
T 11331
T 2061
T 198
T 262
T 333
T 198
T 262
T 715
T 2842
T 363
T 313
T 198
T 285
T 1407
T 476
T 988
T 35577
T 7797
T 476
T 21670
T 29
T 5128
T 87115
T 1174
T 198
T 285
T 21835
T 283
T 804
T 26
T 198
T 285
T 5354
T 23903
T 5527
T 2061
T 198
T 262
T 333
T 198
T 262
T 434
T 48308
T 2980
T 2842
T 363
T 369
T 2512
T 13
T 198
T 262
T 715
T 1542
T 363
T 313
T 198
T 285
T 1407
T 476
T 9301
T 9526
T 7797
T 476
T 21670
T 29
T 5128
T 87115
T 1174
T 198
T 285
T 5354
T 15815
T 55802
T 11
T 33196
T 14923
T 460
T 21835
T 1321
T 729
T 27293
T 8905
T 2061
T 17574
T 198
T 285
T 1345
T 1451
T 267
T 6790
T 8
T 313
T 198
T 309
T 3129
T 2531
T 283
T 1407
T 476
T 3288
T 1250
T 2379
T 22713
T 13039
T 198
T 309
T 14836
T 8030
T 22213
T 2061
T 198
T 309
T 5128
T 45606
T 2061
T 198
T 309
T 2531
T 2061
T 198
T 309
T 5128
T 20362
T 2061
T 198
T 285
T 333
T 198
T 262
T 333
T 198
T 10738
T 271
T 248068
T 198
T 9764
T 728
T 22903
T 411
T 5374
T 7315
T 7873
T 15060
T 310
T 10229
T 279
T 6741
T 2876
T 13
T 271
T 760
T 5374
T 7315
T 369
T 264
T 16359
T 14429
T 11424
T 5215
T 440
T 25
T 198
T 12
T 357
T 29851
T 21496
T 5904
T 1528
T 198
T 12
T 357
T 2876
T 3759
T 364
T 40593
T 198
T 12
T 357
T 40565
T 314
T 14836
T 6672
T 198
T 12
T 357
T 1510
T 267
T 6790
T 63
T 5016
T 271
T 9764
T 728
T 11319
T 1472
T 279
T 1970
T 25
T 271
T 332
T 63
T 5769
T 52434
T 92217
T 15240
T 82
T 29851
T 11
T 11039
T 2531
T 310
T 14836
T 11
T 93251
T 799
T 64901
T 13
T 40427
T 6699
T 13
T 271
T 332
T 63
T 9215
T 52434
T 92217
DONE 256 64 1439.928 6156.911 length 148 216 0
T 2531
T 8
T 313
T 198
T 285
T 1407
T 476
T 988
T 35577
T 7797
T 476
T 21670
T 29
T 5128
T 87115
T 1174
T 198
T 285
T 14836
T 2470
T 3764
T 5029
T 476
T 3288
T 27409
T 5722
T 198
T 285
T 5354
T 23903
T 11331
T 2061
T 198
T 262
T 333
T 198
T 262
T 715
T 2842
T 363
T 313
T 198
T 285
T 1407
T 476
T 988
T 35577
T 7797
T 476
T 21670
T 29
T 5128
T 87115
T 1174
T 198
T 285
T 21835
T 283
T 804
T 26
T 198
T 285
T 5354
T 23903
T 5527
T 2061
T 198
T 262
T 333
T 198
T 262
T 434
T 48308
T 2980
T 2842
T 363
T 369
T 2512
T 13
T 198
T 262
T 715
T 1542
T 363
T 313
T 198
T 285
T 1407
T 476
T 9301
T 9526
T 7797
T 476
T 21670
T 29
T 5128
T 87115
T 1174
T 198
T 285
T 5354
T 15815
T 55802
T 11
T 33196
T 14923
T 460
T 21835
T 1321
T 729
T 27293
T 8905
T 2061
T 17574
T 198
T 285
T 1345
T 1451
T 267
T 6790
T 8
T 313
T 198
T 309
T 3129
T 2531
T 283
T 1407
T 476
T 3288
T 1250
T 2379
T 22713
T 13039
T 198
T 309
T 14836
T 8030
T 22213
T 2061
T 198
T 309
T 5128
T 45606
T 2061
T 198
T 309
T 2531
T 2061
T 198
T 309
T 5128
T 20362
T 2061
T 198
T 285
T 333
T 198
T 262
T 333
T 198
T 10738
T 271
T 248068
T 198
T 9764
T 728
T 22903
T 411
T 5374
T 7315
T 7873
T 15060
T 310
T 10229
T 279
T 6741
T 2876
T 13
T 271
T 760
T 5374
T 7315
T 369
T 264
T 16359
T 14429
T 11424
T 5215
T 440
T 25
T 198
T 12
T 357
T 29851
T 21496
T 5904
T 1528
T 198
T 12
T 357
T 2876
T 3759
T 364
T 40593
T 198
T 12
T 357
T 40565
T 314
T 14836
T 6672
T 198
T 12
T 357
T 1510
T 267
T 6790
T 63
T 5016
T 271
T 9764
T 728
T 11319
T 1472
T 279
T 1970
T 25
T 271
T 332
T 63
T 5769
T 52434
T 92217
T 15240
T 82
T 29851
T 11
T 11039
T 2531
T 310
T 14836
T 11
T 93251
T 799
T 64901
T 13
T 40427
T 6699
T 13
T 271
T 332
T 63
T 9215
T 52434
T 92217
DONE 256 64 1048.274 6198.545 length 148 216 0
T 2531
T 8
T 313
T 198
T 285
T 1407
T 476
T 988
T 35577
T 7797
T 476
T 21670
T 29
T 5128
T 87115
T 1174
T 198
T 285
T 14836
T 2470
T 3764
T 5029
T 476
T 3288
T 27409
T 5722
T 198
T 285
T 5354
T 23903
T 11331
T 2061
T 198
T 262
T 333
T 198
T 262
T 715
T 2842
T 363
T 313
T 198
T 285
T 1407
T 476
T 988
T 35577
T 7797
T 476
T 21670
T 29
T 5128
T 87115
T 1174
T 198
T 285
T 21835
T 283
T 804
T 26
T 198
T 285
T 5354
T 23903
T 5527
T 2061
T 198
T 262
T 333
T 198
T 262
T 434
T 48308
T 2980
T 2842
T 363
T 369
T 2512
T 13
T 198
T 262
T 715
T 1542
T 363
T 313
T 198
T 285
T 1407
T 476
T 9301
T 9526
T 7797
T 476
T 21670
T 29
T 5128
T 87115
T 1174
T 198
T 285
T 5354
T 15815
T 55802
T 11
T 33196
T 14923
T 460
T 21835
T 1321
T 729
T 27293
T 8905
T 2061
T 17574
T 198
T 285
T 1345
T 1451
T 267
T 6790
T 8
T 313
T 198
T 309
T 3129
T 2531
T 283
T 1407
T 476
T 3288
T 1250
T 2379
T 22713
T 13039
T 198
T 309
T 14836
T 8030
T 22213
T 2061
T 198
T 309
T 5128
T 45606
T 2061
T 198
T 309
T 2531
T 2061
T 198
T 309
T 5128
T 20362
T 2061
T 198
T 285
T 333
T 198
T 262
T 333
T 198
T 10738
T 271
T 248068
T 198
T 9764
T 728
T 22903
T 411
T 5374
T 7315
T 7873
T 15060
T 310
T 10229
T 279
T 6741
T 2876
T 13
T 271
T 760
T 5374
T 7315
T 369
T 264
T 16359
T 14429
T 11424
T 5215
T 440
T 25
T 198
T 12
T 357
T 29851
T 21496
T 5904
T 1528
T 198
T 12
T 357
T 2876
T 3759
T 364
T 40593
T 198
T 12
T 357
T 40565
T 314
T 14836
T 6672
T 198
T 12
T 357
T 1510
T 267
T 6790
T 63
T 5016
T 271
T 9764
T 728
T 11319
T 1472
T 279
T 1970
T 25
T 271
T 332
T 63
T 5769
T 52434
T 92217
T 15240
T 82
T 29851
T 11
T 11039
T 2531
T 310
T 14836
T 11
T 93251
T 799
T 64901
T 13
T 40427
T 6699
T 13
T 271
T 332
T 63
T 9215
T 52434
T 92217
DONE 256 64 1173.942 6094.794 length 148 216 0
T 2531
T 8
T 313
T 198
T 285
T 1407
T 476
T 988
T 35577
T 7797
T 476
T 21670
T 29
T 5128
T 87115
T 1174
T 198
T 285
T 14836
T 2470
T 3764
T 5029
T 476
T 3288
T 27409
T 5722
T 198
T 285
T 5354
T 23903
T 11331
T 2061
T 198
T 262
T 333
T 198
T 262
T 715
T 2842
T 363
T 313
T 198
T 285
T 1407
T 476
T 988
T 35577
T 7797
T 476
T 21670
T 29
T 5128
T 87115
T 1174
T 198
T 285
T 21835
T 283
T 804
T 26
T 198
T 285
T 5354
T 23903
T 5527
T 2061
T 198
T 262
T 333
T 198
T 262
T 434
T 48308
T 2980
T 2842
T 363
T 369
T 2512
T 13
T 198
T 262
T 715
T 1542
T 363
T 313
T 198
T 285
T 1407
T 476
T 9301
T 9526
T 7797
T 476
T 21670
T 29
T 5128
T 87115
T 1174
T 198
T 285
T 5354
T 15815
T 55802
T 11
T 33196
T 14923
T 460
T 21835
T 1321
T 729
T 27293
T 8905
T 2061
T 17574
T 198
T 285
T 1345
T 1451
T 267
T 6790
T 8
T 313
T 198
T 309
T 3129
T 2531
T 283
T 1407
T 476
T 3288
T 1250
T 2379
T 22713
T 13039
T 198
T 309
T 14836
T 8030
T 22213
T 2061
T 198
T 309
T 5128
T 45606
T 2061
T 198
T 309
T 2531
T 2061
T 198
T 309
T 5128
T 20362
T 2061
T 198
T 285
T 333
T 198
T 262
T 333
T 198
T 10738
T 271
T 248068
T 198
T 9764
T 728
T 22903
T 411
T 5374
T 7315
T 7873
T 15060
T 310
T 10229
T 279
T 6741
T 2876
T 13
T 271
T 760
T 5374
T 7315
T 369
T 264
T 16359
T 14429
T 11424
T 5215
T 440
T 25
T 198
T 12
T 357
T 29851
T 21496
T 5904
T 1528
T 198
T 12
T 357
T 2876
T 3759
T 364
T 40593
T 198
T 12
T 357
T 40565
T 314
T 14836
T 6672
T 198
T 12
T 357
T 1510
T 267
T 6790
T 63
T 5016
T 271
T 9764
T 728
T 11319
T 1472
T 279
T 1970
T 25
T 271
T 332
T 63
T 5769
T 52434
T 92217
T 15240
T 82
T 29851
T 11
T 11039
T 2531
T 310
T 14836
T 11
T 93251
T 799
T 64901
T 13
T 40427
T 6699
T 13
T 271
T 332
T 63
T 9215
T 52434
T 92217
DONE 256 64 1081.251 6048.604 length 148 216 0
