READY 131072 stop
T 2531
T 8
T 313
T 198
T 285
T 1407
T 476
T 988
T 35577
T 7797
T 476
T 21670
T 29
T 5128
T 87115
T 1174
T 198
T 285
T 14836
T 2470
T 3764
T 5029
T 476
T 3288
T 27409
T 5722
T 198
T 285
T 5354
T 23903
T 11331
T 2061
T 198
T 262
T 333
T 198
T 262
T 715
T 2842
T 363
T 313
T 198
T 285
T 1407
T 476
T 988
T 35577
T 7797
T 476
T 21670
T 29
T 5128
T 87115
T 1174
T 198
T 285
T 21835
T 283
T 804
T 26
T 198
T 285
T 5354
T 23903
T 5527
T 2061
T 198
T 262
T 333
T 198
T 262
T 434
T 48308
T 2980
T 2842
T 363
T 369
T 2512
T 13
T 198
T 262
T 715
T 1542
T 363
T 313
T 198
T 285
T 1407
T 476
T 9301
T 9526
T 7797
T 476
T 21670
T 29
T 5128
T 87115
T 1174
T 198
T 285
T 5354
T 15815
T 55802
T 11
T 33196
T 14923
T 460
T 21835
T 1321
T 729
T 27293
T 8905
T 2061
T 17574
T 198
T 285
T 1345
T 1451
T 267
T 6790
T 976
T 729
T 27293
T 8905
T 2072
T 313
T 198
T 309
T 3129
T 2531
T 283
T 1407
T 476
T 3288
T 1250
T 2379
T 22713
T 13039
T 198
T 309
T 14836
T 8030
T 22213
T 2061
T 198
T 309
T 5128
T 45606
T 2061
T 198
T 309
T 2531
T 2061
T 198
T 309
T 5128
T 20362
T 2061
T 198
T 285
T 333
T 198
T 262
T 333
T 198
T 10738
T 271
T 248068
T 198
T 9764
T 728
T 22903
T 411
T 1510
T 6563
T 7315
T 63
T 7873
T 15060
T 310
T 10229
T 279
T 6741
T 2876
T 13
T 271
T 9764
T 728
T 11319
T 1472
T 279
T 1970
T 25
T 271
T 71093
T 10504
T 198
T 1005
T 5374
T 7315
T 313
T 198
T 262
T 1407
T 476
T 21670
T 29851
T 26
T 198
T 262
T 1407
T 476
T 8783
T 14214
T 5354
T 26
T 198
T 262
T 1407
T 476
T 51703
T 7797
T 476
T 1628
T 16461
T 363
T 2372
T 14836
T 26
T 198
T 262
T 1744
T 21835
T 283
T 867
T 26
T 198
T 860
T 25
T 198
T 262
T 715
T 9042
T 5029
T 476
T 1628
T 16461
T 20957
T 2531
T 8
T 313
T 198
T 285
T 1407
T 476
T 988
DONE 256 64 1501.051 5284.422 length 0 0 0
T 2531
T 8
T 313
T 198
T 285
T 1407
T 476
T 988
T 35577
T 7797
T 476
T 21670
T 29
T 5128
T 87115
T 1174
T 198
T 285
T 14836
T 2470
T 3764
T 5029
T 476
T 3288
T 27409
T 5722
T 198
T 285
T 5354
T 23903
T 11331
T 2061
T 198
T 262
T 333
T 198
T 262
T 715
T 2842
T 363
T 313
T 198
T 285
T 1407
T 476
T 988
T 35577
T 7797
T 476
T 21670
T 29
T 5128
T 87115
T 1174
T 198
T 285
T 21835
T 283
T 804
T 26
T 198
T 285
T 5354
T 23903
T 5527
T 2061
T 198
T 262
T 333
T 198
T 262
T 434
T 48308
T 2980
T 2842
T 363
T 369
T 2512
T 13
T 198
T 262
T 715
T 1542
T 363
T 313
T 198
T 285
T 1407
T 476
T 9301
T 9526
T 7797
T 476
T 21670
T 29
T 5128
T 87115
T 1174
T 198
T 285
T 5354
T 15815
T 55802
T 11
T 33196
T 14923
T 460
T 21835
T 1321
T 729
T 27293
T 8905
T 2061
T 17574
T 198
T 285
T 1345
T 1451
T 267
T 6790
T 976
T 729
T 27293
T 8905
T 2072
T 313
T 198
T 309
T 3129
T 2531
T 283
T 1407
T 476
T 3288
T 1250
T 2379
T 22713
T 13039
T 198
T 309
T 14836
T 8030
T 22213
T 2061
T 198
T 309
T 5128
T 45606
T 2061
T 198
T 309
T 2531
T 2061
T 198
T 309
T 5128
T 20362
T 2061
T 198
T 285
T 333
T 198
T 262
T 333
T 198
T 10738
T 271
T 248068
T 198
T 9764
T 728
T 22903
T 411
T 1510
T 6563
T 7315
T 63
T 7873
T 15060
T 310
T 10229
T 279
T 6741
T 2876
T 13
T 271
T 9764
T 728
T 11319
T 1472
T 279
T 1970
T 25
T 271
T 71093
T 10504
T 198
T 1005
T 5374
T 7315
T 313
T 198
T 262
T 1407
T 476
T 21670
T 29851
T 26
T 198
T 262
T 1407
T 476
T 8783
T 14214
T 5354
T 26
T 198
T 262
T 1407
T 476
T 51703
T 7797
T 476
T 1628
T 16461
T 363
T 2372
T 14836
T 26
T 198
T 262
T 1744
T 21835
T 283
T 867
T 26
T 198
T 860
T 25
T 198
T 262
T 715
T 9042
T 5029
T 476
T 1628
T 16461
T 20957
T 2531
T 8
T 313
T 198
T 285
T 1407
T 476
T 988
DONE 256 64 1049.219 5110.473 length 0 0 0
T 2531
T 8
T 313
T 198
T 285
T 1407
T 476
T 988
T 35577
T 7797
T 476
T 21670
T 29
T 5128
T 87115
T 1174
T 198
T 285
T 14836
T 2470
T 3764
T 5029
T 476
T 3288
T 27409
T 5722
T 198
T 285
T 5354
T 23903
T 11331
T 2061
T 198
T 262
T 333
T 198
T 262
T 715
T 2842
T 363
T 313
T 198
T 285
T 1407
T 476
T 988
T 35577
T 7797
T 476
T 21670
T 29
T 5128
T 87115
T 1174
T 198
T 285
T 21835
T 283
T 804
T 26
T 198
T 285
T 5354
T 23903
T 5527
T 2061
T 198
T 262
T 333
T 198
T 262
T 434
T 48308
T 2980
T 2842
T 363
T 369
T 2512
T 13
T 198
T 262
T 715
T 1542
T 363
T 313
T 198
T 285
T 1407
T 476
T 9301
T 9526
T 7797
T 476
T 21670
T 29
T 5128
T 87115
T 1174
T 198
T 285
T 5354
T 15815
T 55802
T 11
T 33196
T 14923
T 460
T 21835
T 1321
T 729
T 27293
T 8905
T 2061
T 17574
T 198
T 285
T 1345
T 1451
T 267
T 6790
T 976
T 729
T 27293
T 8905
T 2072
T 313
T 198
T 309
T 3129
T 2531
T 283
T 1407
T 476
T 3288
T 1250
T 2379
T 22713
T 13039
T 198
T 309
T 14836
T 8030
T 22213
T 2061
T 198
T 309
T 5128
T 45606
T 2061
T 198
T 309
T 2531
T 2061
T 198
T 309
T 5128
T 20362
T 2061
T 198
T 285
T 333
T 198
T 262
T 333
T 198
T 10738
T 271
T 248068
T 198
T 9764
T 728
T 22903
T 411
T 1510
T 6563
T 7315
T 63
T 7873
T 15060
T 310
T 10229
T 279
T 6741
T 2876
T 13
T 271
T 9764
T 728
T 11319
T 1472
T 279
T 1970
T 25
T 271
T 71093
T 10504
T 198
T 1005
T 5374
T 7315
T 313
T 198
T 262
T 1407
T 476
T 21670
T 29851
T 26
T 198
T 262
T 1407
T 476
T 8783
T 14214
T 5354
T 26
T 198
T 262
T 1407
T 476
T 51703
T 7797
T 476
T 1628
T 16461
T 363
T 2372
T 14836
T 26
T 198
T 262
T 1744
T 21835
T 283
T 867
T 26
T 198
T 860
T 25
T 198
T 262
T 715
T 9042
T 5029
T 476
T 1628
T 16461
T 20957
T 2531
T 8
T 313
T 198
T 285
T 1407
T 476
T 988
DONE 256 64 982.195 5165.004 length 0 0 0
T 2531
T 8
T 313
T 198
T 285
T 1407
T 476
T 988
T 35577
T 7797
T 476
T 21670
T 29
T 5128
T 87115
T 1174
T 198
T 285
T 14836
T 2470
T 3764
T 5029
T 476
T 3288
T 27409
T 5722
T 198
T 285
T 5354
T 23903
T 11331
T 2061
T 198
T 262
T 333
T 198
T 262
T 715
T 2842
T 363
T 313
T 198
T 285
T 1407
T 476
T 988
T 35577
T 7797
T 476
T 21670
T 29
T 5128
T 87115
T 1174
T 198
T 285
T 21835
T 283
T 804
T 26
T 198
T 285
T 5354
T 23903
T 5527
T 2061
T 198
T 262
T 333
T 198
T 262
T 434
T 48308
T 2980
T 2842
T 363
T 369
T 2512
T 13
T 198
T 262
T 715
T 1542
T 363
T 313
T 198
T 285
T 1407
T 476
T 9301
T 9526
T 7797
T 476
T 21670
T 29
T 5128
T 87115
T 1174
T 198
T 285
T 5354
T 15815
T 55802
T 11
T 33196
T 14923
T 460
T 21835
T 1321
T 729
T 27293
T 8905
T 2061
T 17574
T 198
T 285
T 1345
T 1451
T 267
T 6790
T 976
T 729
T 27293
T 8905
T 2072
T 313
T 198
T 309
T 3129
T 2531
T 283
T 1407
T 476
T 3288
T 1250
T 2379
T 22713
T 13039
T 198
T 309
T 14836
T 8030
T 22213
T 2061
T 198
T 309
T 5128
T 45606
T 2061
T 198
T 309
T 2531
T 2061
T 198
T 309
T 5128
T 20362
T 2061
T 198
T 285
T 333
T 198
T 262
T 333
T 198
T 10738
T 271
T 248068
T 198
T 9764
T 728
T 22903
T 411
T 1510
T 6563
T 7315
T 63
T 7873
T 15060
T 310
T 10229
T 279
T 6741
T 2876
T 13
T 271
T 9764
T 728
T 11319
T 1472
T 279
T 1970
T 25
T 271
T 71093
T 10504
T 198
T 1005
T 5374
T 7315
T 313
T 198
T 262
T 1407
T 476
T 21670
T 29851
T 26
T 198
T 262
T 1407
T 476
T 8783
T 14214
T 5354
T 26
T 198
T 262
T 1407
T 476
T 51703
T 7797
T 476
T 1628
T 16461
T 363
T 2372
T 14836
T 26
T 198
T 262
T 1744
T 21835
T 283
T 867
T 26
T 198
T 860
T 25
T 198
T 262
T 715
T 9042
T 5029
T 476
T 1628
T 16461
T 20957
T 2531
T 8
T 313
T 198
T 285
T 1407
T 476
T 988
DONE 256 64 1034.797 5259.544 length 0 0 0
