READY 131072 stop
T 5176
T 264
T 9167
T 1845
T 4876
T 198
T 285
T 1716
T 30883
T 41282
T 363
T 606
T 40834
T 11
T 328
T 40122
DONE 16 4096 122397.694 388.949 length 0 0 0
T 5176
T 264
T 9167
T 1845
T 4876
T 198
T 285
T 1716
T 30883
T 41282
T 363
T 606
T 40834
T 11
T 328
T 40122
DONE 16 4096 123019.892 390.161 length 0 0 0
T 5176
T 264
T 9167
T 1845
T 4876
T 198
T 285
T 1716
T 30883
T 41282
T 363
T 606
T 40834
T 11
T 328
T 40122
DONE 16 4096 122708.314 390.091 length 0 0 0
T 5176
T 264
T 9167
T 1845
T 4876
T 198
T 285
T 1716
T 30883
T 41282
T 363
T 606
T 40834
T 11
T 328
T 40122
DONE 16 4096 141317.335 441.021 length 0 0 0
