READY 131072 stop
T 3274
T 8
T 313
T 198
T 285
T 1407
T 476
T 988
T 35577
T 7797
T 476
T 21670
T 29
T 5128
T 87115
T 1174
T 198
T 285
T 14836
T 2470
T 3764
T 5029
T 476
T 3288
T 16963
T 5722
T 198
T 285
T 5354
T 23903
T 11331
T 2061
T 198
T 262
T 333
T 198
T 262
T 715
T 2842
T 363
T 313
T 198
T 285
T 1407
T 476
T 988
T 35577
T 7797
T 476
T 21670
T 29
T 5128
T 87115
T 1174
T 198
T 285
T 21835
T 283
T 804
T 26
T 198
T 285
T 5354
T 23903
T 5527
T 2061
T 198
T 262
T 333
T 198
T 262
T 434
T 48308
T 2980
T 2842
T 363
T 369
T 2512
T 13
T 198
T 262
T 715
T 1542
T 363
T 313
T 198
T 285
T 1407
T 476
T 9301
T 9526
T 7797
T 476
T 21670
T 29
T 5128
T 87115
T 1174
T 198
T 285
T 5354
T 15815
T 55802
T 11
T 33196
T 14923
T 460
T 21835
T 1321
T 729
T 27293
T 8905
T 2061
T 17574
T 198
T 285
T 1345
T 1451
T 267
T 6790
T 8
T 313
T 198
T 309
T 3129
T 3274
T 283
T 1407
T 476
T 3288
T 1250
T 2379
T 22713
T 13039
T 198
T 309
T 14836
T 8030
T 22213
T 2061
T 198
T 309
T 5128
T 45606
T 2061
T 198
T 309
T 3274
T 2061
T 198
T 309
T 5128
T 20362
T 2061
T 198
T 285
T 333
T 198
T 262
T 333
T 198
T 10738
T 271
T 248068
T 198
T 9764
T 728
T 22903
T 411
T 5374
T 7315
T 7873
T 15060
T 310
T 10229
T 279
T 6741
T 2876
T 13
T 271
T 760
T 5374
T 7315
T 369
T 264
T 16359
T 14429
T 11424
T 5215
T 25
T 198
T 12
T 1510
T 5769
T 52434
T 11039
T 8806
T 310
T 264
T 6951
T 321
T 93251
T 799
T 11525
T 198
T 12
T 1510
T 9215
T 52434
T 7062
T 264
T 5016
T 321
T 93251
T 660
T 7106
T 198
T 12
T 1510
T 5917
T 52434
T 369
T 279
T 11525
T 6136
T 421
T 11036
T 8806
T 2980
T 10184
T 271
T 9764
T 728
T 11319
T 1472
T 279
T 1970
T 310
T 1423
T 279
T 6741
T 2876
T 13
T 271
T 21765
T 506
T 279
T 1510
T 5917
T 52434
T 1654
T 25
T 271
T 71093
T 10504
T 198
DONE 256 64 1332.539 5276.796 length 0 0 0
T 3274
T 8
T 313
T 198
T 285
T 1407
T 476
T 988
T 35577
T 7797
T 476
T 21670
T 29
T 5128
T 87115
T 1174
T 198
T 285
T 14836
T 2470
T 3764
T 5029
T 476
T 3288
T 16963
T 5722
T 198
T 285
T 5354
T 23903
T 11331
T 2061
T 198
T 262
T 333
T 198
T 262
T 715
T 2842
T 363
T 313
T 198
T 285
T 1407
T 476
T 988
T 35577
T 7797
T 476
T 21670
T 29
T 5128
T 87115
T 1174
T 198
T 285
T 21835
T 283
T 804
T 26
T 198
T 285
T 5354
T 23903
T 5527
T 2061
T 198
T 262
T 333
T 198
T 262
T 434
T 5019
T 804
T 413
T 264
T 3274
T 557
T 15234
T 11
T 867
T 413
T 279
T 6951
T 557
T 10184
T 13
T 198
T 262
T 1744
T 1542
T 11331
T 363
T 313
T 198
T 285
T 1407
T 476
T 9301
T 9526
T 7797
T 476
T 21670
T 29
T 5128
T 87115
T 1174
T 198
T 285
T 5354
T 15815
T 55802
T 11
T 33196
T 14923
T 460
T 21835
T 1321
T 729
T 27293
T 8905
T 2061
T 17574
T 198
T 285
T 413
T 318
T 267
T 6790
T 8
T 460
T 867
T 26
T 198
T 285
T 3129
T 3274
T 283
T 1407
T 476
T 3288
T 1250
T 2379
T 22713
T 13039
T 198
T 285
T 14836
T 8030
T 22213
T 2061
T 198
T 285
T 5128
T 45606
T 2061
T 198
T 285
T 3274
T 2061
T 198
T 285
T 460
T 804
T 26
T 198
T 262
T 333
T 198
T 10738
T 271
T 248068
T 198
T 9764
T 728
T 22903
T 411
T 5374
T 7315
T 7873
T 15060
T 310
T 10229
T 279
T 6741
T 2876
T 13
T 271
T 760
T 5374
T 7315
T 369
T 264
T 4368
T 53269
T 3274
T 6951
T 440
T 25
T 198
T 12
T 357
T 29851
T 310
T 5827
T 5904
T 1528
T 198
T 12
T 357
T 2876
T 3759
T 310
T 8028
T 948
T 8806
T 513
T 5354
T 198
T 12
T 357
T 40565
T 314
T 14836
T 8806
T 198
T 12
T 357
T 1510
T 267
T 6790
T 63
T 5016
T 271
T 9764
T 728
T 11319
T 1472
T 279
T 11870
T 25
T 271
T 332
T 63
T 5769
T 63
T 92217
T 15240
T 82
T 11
T 11039
T 3274
T 11
T 93251
T 799
T 64901
DONE 256 64 784.474 5361.834 length 0 0 0
T 3274
T 8
T 313
T 198
T 285
T 1407
T 476
T 988
T 35577
T 7797
T 476
T 21670
T 29
T 5128
T 87115
T 1174
T 198
T 285
T 14836
T 2470
T 3764
T 5029
T 476
T 3288
T 16963
T 5722
T 198
T 285
T 5354
T 23903
T 11331
T 2061
T 198
T 262
T 333
T 198
T 262
T 715
T 2842
T 363
T 313
T 198
T 285
T 1407
T 476
T 988
T 35577
T 7797
T 476
T 21670
T 29
T 5128
T 87115
T 1174
T 198
T 285
T 21835
T 283
T 804
T 26
T 198
T 285
T 5354
T 23903
T 5527
T 2061
T 198
T 262
T 333
T 198
T 262
T 434
T 5019
T 804
T 413
T 264
T 3274
T 557
T 15234
T 11
T 867
T 413
T 279
T 6951
T 369
T 4147
T 321
T 21835
T 13
T 198
T 262
T 1744
T 3655
T 8119
T 42857
T 363
T 313
T 198
T 285
T 1407
T 476
T 9301
T 9526
T 7797
T 476
T 21670
T 29
T 5128
T 87115
T 1174
T 198
T 285
T 5354
T 15815
T 55802
T 11
T 33196
T 14923
T 460
T 21835
T 1321
T 729
T 27293
T 8905
T 2061
T 17574
T 198
T 285
T 413
T 318
T 267
T 6790
T 8
T 313
T 198
T 309
T 434
T 59199
T 9376
T 8806
T 1518
T 43260
T 13
T 198
T 309
T 1345
T 1451
T 27293
T 8905
T 2072
T 313
T 198
T 388
T 3129
T 3274
T 283
T 1407
T 476
T 3288
T 1250
T 2379
T 22713
T 13039
T 198
T 388
T 14836
T 8030
T 22213
T 2061
T 198
T 388
T 5128
T 45606
T 2061
T 198
T 388
T 3274
T 2061
T 198
T 388
T 5128
T 20362
T 2061
T 198
T 309
T 333
T 198
T 309
T 460
T 867
T 26
T 198
T 309
T 434
T 5175
T 25
T 19114
T 279
T 6741
T 2876
T 13
T 198
T 285
T 333
T 198
T 285
T 3129
T 3274
T 283
T 1407
T 476
T 3288
T 1250
T 2379
T 22713
T 13039
T 198
T 285
T 14836
T 8030
T 22213
T 2061
T 198
T 285
T 460
T 804
T 26
T 198
T 262
T 333
T 198
T 10738
T 271
T 248068
T 198
T 9764
T 728
T 22903
T 411
T 1970
T 15060
T 310
T 3418
T 279
T 6741
T 2876
T 13
T 271
T 760
T 1510
T 6563
T 7315
T 63
T 523
T 369
T 264
DONE 256 64 791.200 5190.929 length 0 0 0
T 3274
T 8
T 313
T 198
T 285
T 1407
T 476
T 988
T 35577
T 7797
T 476
T 21670
T 29
T 5128
T 87115
T 1174
T 198
T 285
T 413
T 318
T 267
T 6790
T 8
T 460
T 26
T 198
T 285
T 14836
T 2470
T 3764
T 5029
T 476
T 3288
T 16963
T 5722
T 198
T 285
T 5354
T 23903
T 11331
T 2061
T 198
T 262
T 333
T 271
T 262
T 715
T 2842
T 363
T 313
T 198
T 285
T 1407
T 476
T 988
T 35577
T 7797
T 476
T 21670
T 29
T 5128
T 87115
T 1174
T 198
T 285
T 21835
T 283
T 804
T 26
T 198
T 285
T 5354
T 23903
T 5527
T 2061
T 198
T 262
T 333
T 271
T 262
T 434
T 48308
T 2980
T 2842
T 363
T 369
T 2512
T 13
T 198
T 262
T 715
T 1542
T 363
T 313
T 198
T 285
T 1407
T 476
T 9301
T 9526
T 7797
T 476
T 21670
T 29
T 5128
T 87115
T 1174
T 198
T 285
T 5354
T 15815
T 55802
T 11
T 33196
T 14923
T 460
T 21835
T 1321
T 729
T 27293
T 8905
T 2061
T 17574
T 198
T 285
T 1345
T 318
T 1802
T 8
T 313
T 198
T 309
T 413
T 318
T 267
T 6790
T 8
T 460
T 26
T 198
T 309
T 413
T 1451
T 27293
T 8905
T 2072
T 313
T 198
T 388
T 3129
T 3274
T 283
T 1407
T 476
T 3288
T 1250
T 2379
T 22713
T 13039
T 198
T 388
T 14836
T 8030
T 22213
T 2061
T 198
T 388
T 5128
T 45606
T 2061
T 198
T 388
T 3274
T 2061
T 198
T 388
T 5128
T 20362
T 2061
T 198
T 309
T 333
T 198
T 309
T 5354
T 15815
T 55802
T 11
T 33196
T 14923
T 460
T 21835
T 1321
T 729
T 27293
T 8905
T 2061
T 17574
T 198
T 285
T 333
T 198
T 262
T 333
T 198
T 10738
T 271
T 248068
T 198
T 9764
T 728
T 22903
T 411
T 5374
T 7315
T 7873
T 15060
T 310
T 10229
T 279
T 6741
T 2876
T 13
T 271
T 760
T 5374
T 7315
T 369
T 264
T 16359
T 14429
T 11424
T 5215
T 440
T 25
T 198
T 12
T 357
T 29851
T 21496
T 5904
T 1528
T 198
T 12
T 357
T 2876
T 3759
T 364
T 40593
T 198
T 12
T 357
T 40565
T 314
T 14836
T 8806
DONE 256 64 762.417 5279.671 length 0 0 0
