READY 131072 stop
T 3274
T 8
T 313
T 198
T 285
T 1407
T 476
T 988
T 35577
T 7797
T 476
T 21670
T 29
T 5128
T 87115
T 1174
T 198
T 285
T 14836
T 2470
T 3764
T 5029
T 476
T 3288
T 16963
T 5722
T 198
T 285
T 5354
T 23903
T 11331
T 2061
T 198
T 262
T 333
T 198
T 262
T 715
T 2842
T 363
T 313
T 198
T 285
T 1407
T 476
T 988
T 35577
T 7797
T 476
T 21670
T 29
T 5128
T 87115
T 1174
T 198
T 285
T 21835
T 283
T 804
T 26
T 198
T 285
T 5354
T 23903
T 5527
T 2061
T 198
T 262
T 333
T 198
T 262
T 434
T 48308
T 2980
T 2842
T 363
T 369
T 2512
T 13
T 198
T 262
T 715
T 1542
T 363
T 313
T 198
T 285
T 1407
T 476
T 9301
T 9526
T 7797
T 476
T 21670
T 29
T 5128
T 87115
T 1174
T 198
T 285
T 5354
T 15815
T 55802
T 11
T 33196
T 14923
T 460
T 21835
T 1321
T 729
T 27293
T 8905
T 2061
T 17574
T 198
T 285
T 1345
T 1451
T 267
T 6790
T 8
T 313
T 198
T 309
T 3129
T 3274
T 283
T 1407
DONE 128 64 1293.905 2472.383 length 0 0 0
T 3274
T 8
T 313
T 198
T 285
T 1407
T 476
T 988
T 35577
T 7797
T 476
T 21670
T 29
T 5128
T 87115
T 1174
T 198
T 285
T 14836
T 2470
T 3764
T 5029
T 476
T 3288
T 16963
T 5722
T 198
T 285
T 5354
T 23903
T 11331
T 2061
T 198
T 262
T 333
T 198
T 262
T 715
T 2842
T 363
T 313
T 198
T 285
T 1407
T 476
T 988
T 35577
T 7797
T 476
T 21670
T 29
T 5128
T 87115
T 1174
T 198
T 285
T 21835
T 283
T 804
T 26
T 198
T 285
T 5354
T 23903
T 5527
T 2061
T 198
T 262
T 333
T 198
T 262
T 434
T 5019
T 804
T 413
T 264
T 3274
T 557
T 15234
T 11
T 867
T 413
T 279
T 6951
T 557
T 10184
T 13
T 198
T 262
T 1744
T 1542
T 11331
T 363
T 313
T 198
T 285
T 1407
T 476
T 9301
T 9526
T 7797
T 476
T 21670
T 29
T 5128
T 87115
T 1174
T 198
T 285
T 5354
T 15815
T 55802
T 11
T 33196
T 14923
T 460
T 21835
T 1321
T 729
T 27293
T 8905
T 2061
T 17574
T 198
T 285
T 413
T 318
T 267
DONE 128 64 755.623 2557.844 length 0 0 0
T 3274
T 8
T 313
T 198
T 285
T 1407
T 476
T 988
T 35577
T 7797
T 476
T 21670
T 29
T 5128
T 87115
T 1174
T 198
T 285
T 14836
T 2470
T 3764
T 5029
T 476
T 3288
T 16963
T 5722
T 198
T 285
T 5354
T 23903
T 11331
T 2061
T 198
T 262
T 333
T 198
T 262
T 715
T 2842
T 363
T 313
T 198
T 285
T 1407
T 476
T 988
T 35577
T 7797
T 476
T 21670
T 29
T 5128
T 87115
T 1174
T 198
T 285
T 21835
T 283
T 804
T 26
T 198
T 285
T 5354
T 23903
T 5527
T 2061
T 198
T 262
T 333
T 198
T 262
T 434
T 5019
T 804
T 413
T 264
T 3274
T 557
T 15234
T 11
T 867
T 413
T 279
T 6951
T 369
T 4147
T 321
T 21835
T 13
T 198
T 262
T 1744
T 3655
T 8119
T 42857
T 363
T 313
T 198
T 285
T 1407
T 476
T 9301
T 9526
T 7797
T 476
T 21670
T 29
T 5128
T 87115
T 1174
T 198
T 285
T 5354
T 15815
T 55802
T 11
T 33196
T 14923
T 460
T 21835
T 1321
T 729
T 27293
T 8905
T 2061
T 17574
T 198
T 285
DONE 128 64 765.915 2516.432 length 0 0 0
T 3274
T 8
T 313
T 198
T 285
T 1407
T 476
T 988
T 35577
T 7797
T 476
T 21670
T 29
T 5128
T 87115
T 1174
T 198
T 285
T 413
T 318
T 267
T 6790
T 8
T 460
T 26
T 198
T 285
T 14836
T 2470
T 3764
T 5029
T 476
T 3288
T 16963
T 5722
T 198
T 285
T 5354
T 23903
T 11331
T 2061
T 198
T 262
T 333
T 271
T 262
T 715
T 2842
T 363
T 313
T 198
T 285
T 1407
T 476
T 988
T 35577
T 7797
T 476
T 21670
T 29
T 5128
T 87115
T 1174
T 198
T 285
T 21835
T 283
T 804
T 26
T 198
T 285
T 5354
T 23903
T 5527
T 2061
T 198
T 262
T 333
T 271
T 262
T 434
T 48308
T 2980
T 2842
T 363
T 369
T 2512
T 13
T 198
T 262
T 715
T 1542
T 363
T 313
T 198
T 285
T 1407
T 476
T 9301
T 9526
T 7797
T 476
T 21670
T 29
T 5128
T 87115
T 1174
T 198
T 285
T 5354
T 15815
T 55802
T 11
T 33196
T 14923
T 460
T 21835
T 1321
T 729
T 27293
T 8905
T 2061
T 17574
T 198
T 285
T 1345
T 318
T 1802
DONE 128 64 761.018 2484.186 length 0 0 0
