READY 131072 stop
T 5176
T 264
T 9167
T 1845
T 4876
T 198
T 285
T 1716
T 30883
T 41282
T 363
T 606
T 40834
T 11
T 328
T 40122
DONE 16 4096 80655.978 393.717 length 0 0 0
T 5176
T 264
T 9167
T 1845
T 4876
T 198
T 285
T 1716
T 30883
T 41282
T 363
T 606
T 40834
T 11
T 328
T 40122
DONE 16 4096 88753.724 389.282 length 0 0 0
T 5176
T 264
T 9167
T 1845
T 4876
T 198
T 285
T 1716
T 30883
T 41282
T 363
T 606
T 40834
T 11
T 328
T 40122
DONE 16 4096 90511.660 400.025 length 0 0 0
T 5176
T 264
T 9167
T 1845
T 4876
T 198
T 285
T 1716
T 30883
T 41282
T 363
T 606
T 40834
T 11
T 328
T 40122
DONE 16 4096 92172.829 415.815 length 0 0 0
