READY 131072 stop
T 5878
T 26
T 198
T 262
T 713
T 2535
T 21
T 19
T 516
T 6009
T 37205
T 283
T 318
T 2416
T 21
T 19
T 516
T 8
T 307
T 5878
T 348
T 307
T 5878
T 348
T 307
T 5878
T 26
T 198
T 262
T 713
T 2535
T 21
T 19
T 516
T 2702
T 12164
T 283
T 318
T 2416
T 21
T 19
T 516
T 8
T 11312
T 348
T 307
T 1201
T 348
T 307
T 5878
T 348
T 3802
T 8010
T 1174
T 198
T 262
T 713
T 1923
T 2702
T 84906
T 283
T 2702
T 12164
T 593
T 220
T 16
T 68
T 24
T 26
T 271
T 262
T 434
T 561
T 21966
T 3008
T 369
T 264
T 1865
T 9705
T 25
T 424
T 22327
T 279
T 11312
T 321
T 55288
T 279
T 6009
T 1752
T 11
T 864
T 369
T 279
T 3065
T 198
T 262
T 434
T 421
T 3404
T 4385
T 287
T 440
T 279
T 13540
T 1301
T 6136
T 364
T 13899
T 1354
T 13
T 198
T 262
T 713
T 514
T 307
T 24401
T 283
T 220
T 17
T 20
T 21
T 26
T 198
T 262
T 713
T 514
T 307
T 28755
DONE 128 1024 18052.142 3042.908 length 53 74 0
T 5878
T 26
T 198
T 262
T 713
T 2535
T 21
T 19
T 516
T 6009
T 37205
T 283
T 318
T 2416
T 21
T 19
T 516
T 8
T 307
T 5878
T 348
T 307
T 5878
T 348
T 307
T 5878
T 26
T 198
T 262
T 713
T 2535
T 21
T 19
T 516
T 2702
T 12164
T 283
T 318
T 2416
T 21
T 19
T 516
T 8
T 11312
T 348
T 307
T 1201
T 348
T 307
T 5878
T 348
T 3802
T 8010
T 1174
T 198
T 262
T 713
T 1923
T 2702
T 84906
T 283
T 2702
T 12164
T 593
T 220
T 16
T 68
T 24
T 26
T 271
T 262
T 434
T 561
T 21966
T 3008
T 369
T 264
T 1865
T 9705
T 25
T 424
T 22327
T 279
T 11312
T 321
T 55288
T 279
T 6009
T 1752
T 11
T 864
T 369
T 279
T 3065
T 198
T 262
T 434
T 421
T 3404
T 4385
T 287
T 440
T 279
T 13540
T 1301
T 6136
T 364
T 13899
T 1354
T 13
T 198
T 262
T 713
T 514
T 307
T 24401
T 283
T 220
T 17
T 20
T 21
T 26
T 198
T 262
T 713
T 514
T 307
T 28755
DONE 128 1024 18043.750 3060.382 length 53 74 0
T 5878
T 26
T 198
T 262
T 713
T 2535
T 21
T 19
T 516
T 6009
T 37205
T 283
T 318
T 2416
T 21
T 19
T 516
T 8
T 307
T 5878
T 348
T 307
T 5878
T 348
T 307
T 5878
T 26
T 198
T 262
T 713
T 2535
T 21
T 19
T 516
T 2702
T 12164
T 283
T 318
T 2416
T 21
T 19
T 516
T 8
T 11312
T 348
T 307
T 1201
T 348
T 307
T 5878
T 348
T 3802
T 8010
T 1174
T 198
T 262
T 713
T 1923
T 2702
T 84906
T 283
T 2702
T 12164
T 593
T 220
T 16
T 68
T 24
T 26
T 271
T 262
T 434
T 561
T 21966
T 3008
T 369
T 264
T 1865
T 9705
T 25
T 424
T 22327
T 279
T 11312
T 321
T 55288
T 279
T 6009
T 1752
T 11
T 864
T 369
T 279
T 3065
T 198
T 262
T 434
T 421
T 3404
T 4385
T 287
T 440
T 279
T 13540
T 1301
T 6136
T 364
T 13899
T 1354
T 13
T 198
T 262
T 713
T 514
T 307
T 24401
T 283
T 220
T 17
T 20
T 21
T 26
T 198
T 262
T 713
T 514
T 307
T 28755
DONE 128 1024 17668.749 3056.764 length 53 74 0
T 5878
T 26
T 198
T 262
T 713
T 2535
T 21
T 19
T 516
T 6009
T 37205
T 283
T 318
T 2416
T 21
T 19
T 516
T 8
T 307
T 5878
T 348
T 307
T 5878
T 348
T 307
T 5878
T 26
T 198
T 262
T 713
T 2535
T 21
T 19
T 516
T 2702
T 12164
T 283
T 318
T 2416
T 21
T 19
T 516
T 8
T 11312
T 348
T 307
T 1201
T 348
T 307
T 5878
T 348
T 3802
T 8010
T 1174
T 198
T 262
T 713
T 1923
T 2702
T 84906
T 283
T 2702
T 12164
T 593
T 220
T 16
T 68
T 24
T 26
T 271
T 262
T 434
T 561
T 21966
T 3008
T 369
T 264
T 1865
T 9705
T 25
T 424
T 22327
T 279
T 11312
T 321
T 55288
T 279
T 6009
T 1752
T 11
T 864
T 369
T 279
T 3065
T 198
T 262
T 434
T 421
T 3404
T 4385
T 287
T 440
T 279
T 13540
T 1301
T 6136
T 364
T 13899
T 1354
T 13
T 198
T 262
T 713
T 514
T 307
T 24401
T 283
T 220
T 17
T 20
T 21
T 26
T 198
T 262
T 713
T 514
T 307
T 28755
DONE 128 1024 18223.810 3063.544 length 53 74 0
