READY 131072 stop
T 5878
T 26
T 198
T 262
T 713
T 2535
T 21
T 19
T 516
T 6009
T 37205
T 283
T 318
T 2416
T 21
T 19
T 516
T 8
T 307
T 5878
T 348
T 307
T 5878
T 348
T 307
T 5878
T 26
T 271
T 262
T 434
T 561
T 21966
T 3008
T 369
T 264
T 1865
T 9705
T 25
T 424
T 22327
T 279
T 6009
T 13914
T 321
T 55288
T 279
T 6009
T 15796
T 11
T 864
T 369
T 198
T 262
T 434
T 279
T 4880
T 4939
T 7244
T 279
T 4129
T 1752
T 7247
T 383
T 279
T 1785
T 13
T 198
T 262
T 23636
T 2931
T 516
T 4129
T 26
T 198
T 262
T 1716
T 60122
T 2931
T 3886
T 2031
T 3892
T 681
T 328
T 3892
T 1791
T 4876
T 271
T 262
T 434
T 561
T 13540
T 3008
T 369
T 264
T 1301
T 6136
T 888
T 279
T 46120
T 24112
T 11
T 864
T 369
T 279
T 4880
T 4939
T 7244
T 279
T 6009
T 1752
T 198
T 262
T 434
T 7247
T 383
T 279
T 1785
T 13
T 198
T 262
T 3129
T 46120
T 283
T 592
T 450
T 476
T 79
T 19936
DONE 128 1024 17050.053 2663.104 length 0 0 0
T 5878
T 26
T 198
T 262
T 713
T 2535
T 21
T 19
T 516
T 6009
T 37205
T 283
T 318
T 2416
T 21
T 19
T 516
T 8
T 307
T 5878
T 348
T 307
T 5878
T 348
T 307
T 5878
T 26
T 271
T 262
T 434
T 561
T 21966
T 3008
T 369
T 264
T 1865
T 9705
T 25
T 424
T 22327
T 279
T 6009
T 13914
T 321
T 55288
T 279
T 6009
T 15796
T 11
T 864
T 369
T 198
T 262
T 434
T 279
T 4880
T 4939
T 7244
T 279
T 4129
T 1752
T 7247
T 383
T 279
T 1785
T 13
T 198
T 262
T 23636
T 2931
T 516
T 4129
T 26
T 198
T 262
T 1716
T 60122
T 2931
T 3886
T 2031
T 3892
T 681
T 328
T 3892
T 1791
T 4876
T 271
T 262
T 434
T 561
T 13540
T 3008
T 369
T 264
T 1301
T 6136
T 888
T 279
T 46120
T 24112
T 11
T 864
T 369
T 279
T 4880
T 4939
T 7244
T 279
T 6009
T 1752
T 198
T 262
T 434
T 7247
T 383
T 279
T 1785
T 13
T 198
T 262
T 3129
T 46120
T 283
T 592
T 450
T 476
T 79
T 19936
DONE 128 1024 17198.225 2731.544 length 0 0 0
T 5878
T 26
T 198
T 262
T 713
T 2535
T 21
T 19
T 516
T 6009
T 37205
T 283
T 318
T 2416
T 21
T 19
T 516
T 8
T 307
T 5878
T 348
T 307
T 5878
T 348
T 307
T 5878
T 26
T 271
T 262
T 434
T 561
T 21966
T 3008
T 369
T 264
T 1865
T 9705
T 25
T 424
T 22327
T 279
T 6009
T 13914
T 321
T 55288
T 279
T 6009
T 15796
T 11
T 864
T 369
T 198
T 262
T 434
T 279
T 4880
T 4939
T 7244
T 279
T 4129
T 1752
T 7247
T 383
T 279
T 1785
T 13
T 198
T 262
T 23636
T 2931
T 516
T 4129
T 26
T 198
T 262
T 1716
T 60122
T 2931
T 3886
T 2031
T 3892
T 681
T 328
T 3892
T 1791
T 4876
T 271
T 262
T 434
T 561
T 13540
T 3008
T 369
T 264
T 1301
T 6136
T 888
T 279
T 46120
T 24112
T 11
T 864
T 369
T 279
T 4880
T 4939
T 7244
T 279
T 6009
T 1752
T 198
T 262
T 434
T 7247
T 383
T 279
T 1785
T 13
T 198
T 262
T 3129
T 46120
T 283
T 592
T 450
T 476
T 79
T 19936
DONE 128 1024 17017.854 2743.236 length 0 0 0
T 5878
T 26
T 198
T 262
T 713
T 2535
T 21
T 19
T 516
T 6009
T 37205
T 283
T 318
T 2416
T 21
T 19
T 516
T 8
T 307
T 5878
T 348
T 307
T 5878
T 348
T 307
T 5878
T 26
T 271
T 262
T 434
T 561
T 21966
T 3008
T 369
T 264
T 1865
T 9705
T 25
T 424
T 22327
T 279
T 6009
T 13914
T 321
T 55288
T 279
T 6009
T 15796
T 11
T 864
T 369
T 198
T 262
T 434
T 279
T 4880
T 4939
T 7244
T 279
T 4129
T 1752
T 7247
T 383
T 279
T 1785
T 13
T 198
T 262
T 23636
T 2931
T 516
T 4129
T 26
T 198
T 262
T 1716
T 60122
T 2931
T 3886
T 2031
T 3892
T 681
T 328
T 3892
T 1791
T 4876
T 271
T 262
T 434
T 561
T 13540
T 3008
T 369
T 264
T 1301
T 6136
T 888
T 279
T 46120
T 24112
T 11
T 864
T 369
T 279
T 4880
T 4939
T 7244
T 279
T 6009
T 1752
T 198
T 262
T 434
T 7247
T 383
T 279
T 1785
T 13
T 198
T 262
T 3129
T 46120
T 283
T 592
T 450
T 476
T 79
T 19936
DONE 128 1024 17476.949 2732.568 length 0 0 0
